// Jest Snapshot v1, https://goo.gl/fbAQLP

exports[`Login Component should not regress 1`] = `ShallowWrapper {}`;
