// Jest Snapshot v1, https://goo.gl/fbAQLP

exports[`<Logout /> should not regress 1`] = `[Function]`;
